[2026-08-18 20:35:11] === Server Monitor Started ===
[2026-08-18 20:35:11] --- Running checks ---
[2026-08-18 20:35:11] OK: nginx is running
[2026-08-18 20:35:11] OK: Disk usage is 28%
[2026-08-18 20:35:11] OK: Memory usage is 38%
[2026-08-18 20:35:11] OK: 80 is reachable
[2026-08-18 20:35:41] --- Running checks ---
[2026-08-18 20:35:41] OK: nginx is running
[2026-08-18 20:35:41] OK: Disk usage is 28%
[2026-08-18 20:35:41] OK: Memory usage is 39%
[2026-08-18 20:35:41] OK: 80 is reachable
[2026-08-18 20:36:11] --- Running checks ---
[2026-08-18 20:36:11] OK: nginx is running
[2026-08-18 20:36:11] OK: Disk usage is 28%
[2026-08-18 20:36:11] OK: Memory usage is 40%
[2026-08-18 20:36:11] OK: 80 is reachable
[2026-08-18 20:36:41] --- Running checks ---
[2026-08-18 20:36:41] OK: nginx is running
[2026-08-18 20:36:41] OK: Disk usage is 28%
[2026-08-18 20:36:41] OK: Memory usage is 41%
[2026-08-18 20:36:41] OK: 80 is reachable
[2026-08-18 20:37:11] --- Running checks ---
[2026-08-18 20:37:11] OK: nginx is running
[2026-08-18 20:37:11] OK: Disk usage is 28%
[2026-08-18 20:37:11] OK: Memory usage is 40%
[2026-08-18 20:37:11] OK: 80 is reachable
